[     149ms] [WARNING] cdn.tailwindcss.com should not be used in production. To use Tailwind CSS in production, install it as a PostCSS plugin or use the Tailwind CLI: https://tailwindcss.com/docs/installation @ https://cdn.tailwindcss.com/:63
[    5450ms] Uncaught TypeError: Cannot read properties of null (reading 'dispatchEvent')
    at ce (https://unpkg.com/htmx.org@1.9.10:0:26754)
    at <anonymous> (http://localhost:8000/episode/03d4b2c6-cda9-401b-b56c-14eb945e4399:36:21)
[   10450ms] Uncaught TypeError: Cannot read properties of null (reading 'dispatchEvent')
    at ce (https://unpkg.com/htmx.org@1.9.10:0:26754)
    at <anonymous> (http://localhost:8000/episode/03d4b2c6-cda9-401b-b56c-14eb945e4399:36:21)
[   15448ms] Uncaught TypeError: Cannot read properties of null (reading 'dispatchEvent')
    at ce (https://unpkg.com/htmx.org@1.9.10:0:26754)
    at <anonymous> (http://localhost:8000/episode/03d4b2c6-cda9-401b-b56c-14eb945e4399:36:21)
[   20449ms] Uncaught TypeError: Cannot read properties of null (reading 'dispatchEvent')
    at ce (https://unpkg.com/htmx.org@1.9.10:0:26754)
    at <anonymous> (http://localhost:8000/episode/03d4b2c6-cda9-401b-b56c-14eb945e4399:36:21)
[   25446ms] Uncaught TypeError: Cannot read properties of null (reading 'dispatchEvent')
    at ce (https://unpkg.com/htmx.org@1.9.10:0:26754)
    at <anonymous> (http://localhost:8000/episode/03d4b2c6-cda9-401b-b56c-14eb945e4399:36:21)
[   30446ms] Uncaught TypeError: Cannot read properties of null (reading 'dispatchEvent')
    at ce (https://unpkg.com/htmx.org@1.9.10:0:26754)
    at <anonymous> (http://localhost:8000/episode/03d4b2c6-cda9-401b-b56c-14eb945e4399:36:21)
[   35450ms] Uncaught TypeError: Cannot read properties of null (reading 'dispatchEvent')
    at ce (https://unpkg.com/htmx.org@1.9.10:0:26754)
    at <anonymous> (http://localhost:8000/episode/03d4b2c6-cda9-401b-b56c-14eb945e4399:36:21)
[   40447ms] Uncaught TypeError: Cannot read properties of null (reading 'dispatchEvent')
    at ce (https://unpkg.com/htmx.org@1.9.10:0:26754)
    at <anonymous> (http://localhost:8000/episode/03d4b2c6-cda9-401b-b56c-14eb945e4399:36:21)
[   45446ms] Uncaught TypeError: Cannot read properties of null (reading 'dispatchEvent')
    at ce (https://unpkg.com/htmx.org@1.9.10:0:26754)
    at <anonymous> (http://localhost:8000/episode/03d4b2c6-cda9-401b-b56c-14eb945e4399:36:21)
[   50446ms] Uncaught TypeError: Cannot read properties of null (reading 'dispatchEvent')
    at ce (https://unpkg.com/htmx.org@1.9.10:0:26754)
    at <anonymous> (http://localhost:8000/episode/03d4b2c6-cda9-401b-b56c-14eb945e4399:36:21)
[   55449ms] Uncaught TypeError: Cannot read properties of null (reading 'dispatchEvent')
    at ce (https://unpkg.com/htmx.org@1.9.10:0:26754)
    at <anonymous> (http://localhost:8000/episode/03d4b2c6-cda9-401b-b56c-14eb945e4399:36:21)
